// Jest Snapshot v1, https://goo.gl/fbAQLP

exports[`Notification Table should render correctly 1`] = `ShallowWrapper {}`;

exports[`Notification Table should render table 1`] = `ShallowWrapper {}`;
