// Jest Snapshot v1, https://goo.gl/fbAQLP

exports[`DataTable should render action buttons 1`] = `ShallowWrapper {}`;

exports[`DataTable should render correctly 1`] = `ShallowWrapper {}`;
