// Jest Snapshot v1, https://goo.gl/fbAQLP

exports[`Admin Page should render correctly 1`] = `ShallowWrapper {}`;
