// Jest Snapshot v1, https://goo.gl/fbAQLP

exports[`User Page should render correctly 1`] = `ShallowWrapper {}`;
