// Jest Snapshot v1, https://goo.gl/fbAQLP

exports[`Create Form should render correctly 1`] = `ShallowWrapper {}`;
