// Jest Snapshot v1, https://goo.gl/fbAQLP

exports[`Not found page should render correctly 1`] = `ShallowWrapper {}`;
