// Jest Snapshot v1, https://goo.gl/fbAQLP

exports[`Notification Page should render correctly 1`] = `ShallowWrapper {}`;
